// Jest Snapshot v1, https://goo.gl/fbAQLP

exports[`renders 1`] = `
.pounce-0 {
  display: -webkit-box;
  display: -webkit-flex;
  display: -ms-flexbox;
  display: flex;
  cursor: default;
  width: -webkit-fit-content;
  width: -moz-fit-content;
  width: fit-content;
  text-align: center;
  font-weight: 400;
  text-transform: none;
  border: 1px solid;
  border-radius: 2px;
  border-color: #d64242;
  background-color: rgba(214,66,66,0.3);
  -webkit-align-items: center;
  -webkit-box-align: center;
  -ms-flex-align: center;
  align-items: center;
  -webkit-box-pack: center;
  -ms-flex-pack: center;
  -webkit-justify-content: center;
  justify-content: center;
  font-size: 0.75rem;
  padding-top: 4px;
  padding-bottom: 4px;
  padding-left: 6px;
  padding-right: 6px;
}

.pounce-1 {
  display: -webkit-box;
  display: -webkit-flex;
  display: -ms-flexbox;
  display: flex;
  cursor: default;
  width: -webkit-fit-content;
  width: -moz-fit-content;
  width: fit-content;
  text-align: center;
  font-weight: 400;
  text-transform: none;
  border: 1px solid;
  border-radius: 2px;
  border-color: #09a084;
  background-color: rgba(9,160,132,0.3);
  -webkit-align-items: center;
  -webkit-box-align: center;
  -ms-flex-align: center;
  align-items: center;
  -webkit-box-pack: center;
  -ms-flex-pack: center;
  -webkit-justify-content: center;
  justify-content: center;
  font-size: 0.75rem;
  padding-top: 4px;
  padding-bottom: 4px;
  padding-left: 6px;
  padding-right: 6px;
}

.pounce-2 {
  display: -webkit-box;
  display: -webkit-flex;
  display: -ms-flexbox;
  display: flex;
  cursor: default;
  width: -webkit-fit-content;
  width: -moz-fit-content;
  width: fit-content;
  text-align: center;
  font-weight: 400;
  text-transform: none;
  border: 1px solid;
  border-radius: 2px;
  border-color: #0081c5;
  background-color: rgba(0,129,197,0.3);
  -webkit-align-items: center;
  -webkit-box-align: center;
  -ms-flex-align: center;
  align-items: center;
  -webkit-box-pack: center;
  -ms-flex-pack: center;
  -webkit-justify-content: center;
  justify-content: center;
  font-size: 0.75rem;
  padding-top: 4px;
  padding-bottom: 4px;
  padding-left: 6px;
  padding-right: 6px;
}

<div>
  <div
    aria-atomic="true"
    class="pounce-0"
    role="status"
  >
    INFO
  </div>
  <div
    aria-atomic="true"
    class="pounce-1"
    role="status"
  >
    LOW
  </div>
  <div
    aria-atomic="true"
    class="pounce-2"
    role="status"
  >
    WHATEVER
  </div>
</div>
`;
